----------------------------------------------------------------
Wed May 06 14:24:32 PDT 2026:
Booting Derby version The Apache Software Foundation - Apache Derby - 10.17.1.0 - (1913217): instance a816c00e-019d-ff2d-9c58-000016a11978 
on database directory memory:/Users/roman/Projects/DScope/CamelA2AComponent/camel-a2a-component/a2aSupportTest2570c02b55d24bf98e88c3b01383bf37 with class loader jdk.internal.loader.ClassLoaders$AppClassLoader@1cf4f579 
Loaded from file:/Users/roman/.m2/repository/org/apache/derby/derby/10.17.1.0/derby-10.17.1.0.jar
java.vendor=Oracle Corporation
java.runtime.version=21.0.2+13-58
user.dir=/Users/roman/Projects/DScope/CamelA2AComponent/camel-a2a-component
os.name=Mac OS X
os.arch=aarch64
os.version=15.7.5
derby.system.home=null
Database Class Loader started - derby.database.classpath=''
----------------------------------------------------------------
Wed May 06 14:24:33 PDT 2026:
Booting Derby version The Apache Software Foundation - Apache Derby - 10.17.1.0 - (1913217): instance 65548115-019d-ff2d-9c58-000016a11978 
on database directory memory:/Users/roman/Projects/DScope/CamelA2AComponent/camel-a2a-component/a2aBranch5ce57865b08b4e3cb1f83fca51d33460 with class loader jdk.internal.loader.ClassLoaders$AppClassLoader@1cf4f579 
Loaded from file:/Users/roman/.m2/repository/org/apache/derby/derby/10.17.1.0/derby-10.17.1.0.jar
java.vendor=Oracle Corporation
java.runtime.version=21.0.2+13-58
user.dir=/Users/roman/Projects/DScope/CamelA2AComponent/camel-a2a-component
os.name=Mac OS X
os.arch=aarch64
os.version=15.7.5
derby.system.home=null
Database Class Loader started - derby.database.classpath=''
----------------------------------------------------------------
Wed May 06 14:24:33 PDT 2026:
Booting Derby version The Apache Software Foundation - Apache Derby - 10.17.1.0 - (1913217): instance 19660231-019d-ff2d-9c58-000016a11978 
on database directory memory:/Users/roman/Projects/DScope/CamelA2AComponent/camel-a2a-component/a2aBranchceadadc60eed4c18b983ac98e9437ea3 with class loader jdk.internal.loader.ClassLoaders$AppClassLoader@1cf4f579 
Loaded from file:/Users/roman/.m2/repository/org/apache/derby/derby/10.17.1.0/derby-10.17.1.0.jar
java.vendor=Oracle Corporation
java.runtime.version=21.0.2+13-58
user.dir=/Users/roman/Projects/DScope/CamelA2AComponent/camel-a2a-component
os.name=Mac OS X
os.arch=aarch64
os.version=15.7.5
derby.system.home=null
Database Class Loader started - derby.database.classpath=''
----------------------------------------------------------------
Wed May 06 14:24:33 PDT 2026:
Booting Derby version The Apache Software Foundation - Apache Derby - 10.17.1.0 - (1913217): instance 44874357-019d-ff2d-9c58-000016a11978 
on database directory memory:/Users/roman/Projects/DScope/CamelA2AComponent/camel-a2a-component/a2aBranch7c868db5c3da474c956f4bb9e0fd3195 with class loader jdk.internal.loader.ClassLoaders$AppClassLoader@1cf4f579 
Loaded from file:/Users/roman/.m2/repository/org/apache/derby/derby/10.17.1.0/derby-10.17.1.0.jar
java.vendor=Oracle Corporation
java.runtime.version=21.0.2+13-58
user.dir=/Users/roman/Projects/DScope/CamelA2AComponent/camel-a2a-component
os.name=Mac OS X
os.arch=aarch64
os.version=15.7.5
derby.system.home=null
Database Class Loader started - derby.database.classpath=''
----------------------------------------------------------------
Wed May 06 14:24:33 PDT 2026:
Booting Derby version The Apache Software Foundation - Apache Derby - 10.17.1.0 - (1913217): instance 89c4c45e-019d-ff2d-9c58-000016a11978 
on database directory memory:/Users/roman/Projects/DScope/CamelA2AComponent/camel-a2a-component/a2aBrancha764afe350c84a87b5e8d91a25d4f91e with class loader jdk.internal.loader.ClassLoaders$AppClassLoader@1cf4f579 
Loaded from file:/Users/roman/.m2/repository/org/apache/derby/derby/10.17.1.0/derby-10.17.1.0.jar
java.vendor=Oracle Corporation
java.runtime.version=21.0.2+13-58
user.dir=/Users/roman/Projects/DScope/CamelA2AComponent/camel-a2a-component
os.name=Mac OS X
os.arch=aarch64
os.version=15.7.5
derby.system.home=null
Database Class Loader started - derby.database.classpath=''
----------------------------------------------------------------
Wed May 06 14:24:34 PDT 2026:
Booting Derby version The Apache Software Foundation - Apache Derby - 10.17.1.0 - (1913217): instance 6d5f856d-019d-ff2d-9c58-000016a11978 
on database directory memory:/Users/roman/Projects/DScope/CamelA2AComponent/camel-a2a-component/a2aBranch376d4e1d22294284b1099b391dfb0530 with class loader jdk.internal.loader.ClassLoaders$AppClassLoader@1cf4f579 
Loaded from file:/Users/roman/.m2/repository/org/apache/derby/derby/10.17.1.0/derby-10.17.1.0.jar
java.vendor=Oracle Corporation
java.runtime.version=21.0.2+13-58
user.dir=/Users/roman/Projects/DScope/CamelA2AComponent/camel-a2a-component
os.name=Mac OS X
os.arch=aarch64
os.version=15.7.5
derby.system.home=null
Database Class Loader started - derby.database.classpath=''
----------------------------------------------------------------
Wed May 06 14:24:34 PDT 2026:
Booting Derby version The Apache Software Foundation - Apache Derby - 10.17.1.0 - (1913217): instance 55d90689-019d-ff2d-9c58-000016a11978 
on database directory memory:/Users/roman/Projects/DScope/CamelA2AComponent/camel-a2a-component/a2aBranch227ce45dbba040899ac803861bf4e672 with class loader jdk.internal.loader.ClassLoaders$AppClassLoader@1cf4f579 
Loaded from file:/Users/roman/.m2/repository/org/apache/derby/derby/10.17.1.0/derby-10.17.1.0.jar
java.vendor=Oracle Corporation
java.runtime.version=21.0.2+13-58
user.dir=/Users/roman/Projects/DScope/CamelA2AComponent/camel-a2a-component
os.name=Mac OS X
os.arch=aarch64
os.version=15.7.5
derby.system.home=null
Database Class Loader started - derby.database.classpath=''
----------------------------------------------------------------
Wed May 06 14:24:34 PDT 2026:
Booting Derby version The Apache Software Foundation - Apache Derby - 10.17.1.0 - (1913217): instance c57407a1-019d-ff2d-9c58-000016a11978 
on database directory memory:/Users/roman/Projects/DScope/CamelA2AComponent/camel-a2a-component/a2aBranch03b9fa83907a4a9ca28df60768b6a144 with class loader jdk.internal.loader.ClassLoaders$AppClassLoader@1cf4f579 
Loaded from file:/Users/roman/.m2/repository/org/apache/derby/derby/10.17.1.0/derby-10.17.1.0.jar
java.vendor=Oracle Corporation
java.runtime.version=21.0.2+13-58
user.dir=/Users/roman/Projects/DScope/CamelA2AComponent/camel-a2a-component
os.name=Mac OS X
os.arch=aarch64
os.version=15.7.5
derby.system.home=null
Database Class Loader started - derby.database.classpath=''
----------------------------------------------------------------
Wed May 06 14:24:34 PDT 2026:
Booting Derby version The Apache Software Foundation - Apache Derby - 10.17.1.0 - (1913217): instance 4a5988bd-019d-ff2d-9c58-000016a11978 
on database directory memory:/Users/roman/Projects/DScope/CamelA2AComponent/camel-a2a-component/a2aBranch68fe26b13b364b0a8016bd48bc775e4c with class loader jdk.internal.loader.ClassLoaders$AppClassLoader@1cf4f579 
Loaded from file:/Users/roman/.m2/repository/org/apache/derby/derby/10.17.1.0/derby-10.17.1.0.jar
java.vendor=Oracle Corporation
java.runtime.version=21.0.2+13-58
user.dir=/Users/roman/Projects/DScope/CamelA2AComponent/camel-a2a-component
os.name=Mac OS X
os.arch=aarch64
os.version=15.7.5
derby.system.home=null
Database Class Loader started - derby.database.classpath=''
----------------------------------------------------------------
Wed May 06 14:24:34 PDT 2026:
Booting Derby version The Apache Software Foundation - Apache Derby - 10.17.1.0 - (1913217): instance 542c89d5-019d-ff2d-9c58-000016a11978 
on database directory memory:/Users/roman/Projects/DScope/CamelA2AComponent/camel-a2a-component/a2aBranch219c66c1b58e4311a92e26107bc5efe6 with class loader jdk.internal.loader.ClassLoaders$AppClassLoader@1cf4f579 
Loaded from file:/Users/roman/.m2/repository/org/apache/derby/derby/10.17.1.0/derby-10.17.1.0.jar
java.vendor=Oracle Corporation
java.runtime.version=21.0.2+13-58
user.dir=/Users/roman/Projects/DScope/CamelA2AComponent/camel-a2a-component
os.name=Mac OS X
os.arch=aarch64
os.version=15.7.5
derby.system.home=null
Database Class Loader started - derby.database.classpath=''
----------------------------------------------------------------
Wed May 06 14:24:34 PDT 2026:
Booting Derby version The Apache Software Foundation - Apache Derby - 10.17.1.0 - (1913217): instance aa8f8aed-019d-ff2d-9c58-000016a11978 
on database directory memory:/Users/roman/Projects/DScope/CamelA2AComponent/camel-a2a-component/a2aBranchbf6f9068b07249d4b10902c4ccc7d152 with class loader jdk.internal.loader.ClassLoaders$AppClassLoader@1cf4f579 
Loaded from file:/Users/roman/.m2/repository/org/apache/derby/derby/10.17.1.0/derby-10.17.1.0.jar
java.vendor=Oracle Corporation
java.runtime.version=21.0.2+13-58
user.dir=/Users/roman/Projects/DScope/CamelA2AComponent/camel-a2a-component
os.name=Mac OS X
os.arch=aarch64
os.version=15.7.5
derby.system.home=null
Database Class Loader started - derby.database.classpath=''
----------------------------------------------------------------
Wed May 06 14:24:34 PDT 2026:
Booting Derby version The Apache Software Foundation - Apache Derby - 10.17.1.0 - (1913217): instance 32938bf4-019d-ff2d-9c58-000016a11978 
on database directory memory:/Users/roman/Projects/DScope/CamelA2AComponent/camel-a2a-component/a2aBranch357d537b85aa481baf3e85d29d80e7b2 with class loader jdk.internal.loader.ClassLoaders$AppClassLoader@1cf4f579 
Loaded from file:/Users/roman/.m2/repository/org/apache/derby/derby/10.17.1.0/derby-10.17.1.0.jar
java.vendor=Oracle Corporation
java.runtime.version=21.0.2+13-58
user.dir=/Users/roman/Projects/DScope/CamelA2AComponent/camel-a2a-component
os.name=Mac OS X
os.arch=aarch64
os.version=15.7.5
derby.system.home=null
Database Class Loader started - derby.database.classpath=''
----------------------------------------------------------------
Wed May 06 14:24:34 PDT 2026:
Booting Derby version The Apache Software Foundation - Apache Derby - 10.17.1.0 - (1913217): instance 7b204cff-019d-ff2d-9c58-000016a11978 
on database directory memory:/Users/roman/Projects/DScope/CamelA2AComponent/camel-a2a-component/a2aBranch5ea873853ff541d6b48120c777f66f43 with class loader jdk.internal.loader.ClassLoaders$AppClassLoader@1cf4f579 
Loaded from file:/Users/roman/.m2/repository/org/apache/derby/derby/10.17.1.0/derby-10.17.1.0.jar
java.vendor=Oracle Corporation
java.runtime.version=21.0.2+13-58
user.dir=/Users/roman/Projects/DScope/CamelA2AComponent/camel-a2a-component
os.name=Mac OS X
os.arch=aarch64
os.version=15.7.5
derby.system.home=null
Database Class Loader started - derby.database.classpath=''
----------------------------------------------------------------
Wed May 06 14:24:34 PDT 2026:
Booting Derby version The Apache Software Foundation - Apache Derby - 10.17.1.0 - (1913217): instance 7b43ce06-019d-ff2d-9c58-000016a11978 
on database directory memory:/Users/roman/Projects/DScope/CamelA2AComponent/camel-a2a-component/a2aPersistence4c0ef39d760341e78c6b18e38d5b3786 with class loader jdk.internal.loader.ClassLoaders$AppClassLoader@1cf4f579 
Loaded from file:/Users/roman/.m2/repository/org/apache/derby/derby/10.17.1.0/derby-10.17.1.0.jar
java.vendor=Oracle Corporation
java.runtime.version=21.0.2+13-58
user.dir=/Users/roman/Projects/DScope/CamelA2AComponent/camel-a2a-component
os.name=Mac OS X
os.arch=aarch64
os.version=15.7.5
derby.system.home=null
Database Class Loader started - derby.database.classpath=''
----------------------------------------------------------------
Wed May 06 14:24:34 PDT 2026:
Booting Derby version The Apache Software Foundation - Apache Derby - 10.17.1.0 - (1913217): instance 7dbd8f24-019d-ff2d-9c58-000016a11978 
on database directory memory:/Users/roman/Projects/DScope/CamelA2AComponent/camel-a2a-component/a2aPersistence5a42391464d54845b6cb71270512b5d6 with class loader jdk.internal.loader.ClassLoaders$AppClassLoader@1cf4f579 
Loaded from file:/Users/roman/.m2/repository/org/apache/derby/derby/10.17.1.0/derby-10.17.1.0.jar
java.vendor=Oracle Corporation
java.runtime.version=21.0.2+13-58
user.dir=/Users/roman/Projects/DScope/CamelA2AComponent/camel-a2a-component
os.name=Mac OS X
os.arch=aarch64
os.version=15.7.5
derby.system.home=null
Database Class Loader started - derby.database.classpath=''
